这里有一些推荐的免费软件：

1. 截屏

https://shottr.cc/

2. 剪贴板

Maccy

```
brew install maccy
```

3. 应用程序删除

appcleaner

可以通过brew安装：brew install appcleaner

4. 检查硬盘状态

smartmontools

brew install smartmontools

```
❯ smartctl -a /dev/disk0
smartctl 7.4 2023-08-01 r5530 [Darwin 22.6.0 arm64] (local build)
Copyright (C) 2002-23, Bruce Allen, Christian Franke, www.smartmontools.org

=== START OF INFORMATION SECTION ===
Model Number:                       APPLE SSD AP4096R
Serial Number:                      0ba01eb3e0103c25
Firmware Version:                   874.140.
PCI Vendor/Subsystem ID:            0x106b
IEEE OUI Identifier:                0x000000
Controller ID:                      0
NVMe Version:                       <1.2
Number of Namespaces:               3
Local Time is:                      Mon Dec 18 17:04:37 2023 CST
Firmware Updates (0x02):            1 Slot
Optional Admin Commands (0x0004):   Frmw_DL
Optional NVM Commands (0x0004):     DS_Mngmt
Maximum Data Transfer Size:         256 Pages

Supported Power States
St Op     Max   Active     Idle   RL RT WL WT  Ent_Lat  Ex_Lat
 0 +     0.00W       -        -    0  0  0  0        0       0

=== START OF SMART DATA SECTION ===
SMART overall-health self-assessment test result: PASSED

SMART/Health Information (NVMe Log 0x02)
Critical Warning:                   0x00
Temperature:                        26 Celsius
Available Spare:                    100%
Available Spare Threshold:          99%
Percentage Used:                    0%
Data Units Read:                    1,128,956 [578 GB]
Data Units Written:                 1,374,893 [703 GB]
Host Read Commands:                 16,224,803
Host Write Commands:                14,641,741
Controller Busy Time:               0
Power Cycles:                       135
Power On Hours:                     9
Unsafe Shutdowns:                   15
Media and Data Integrity Errors:    0
Error Information Log Entries:      0

Read 1 entries from Error Information Log failed: GetLogPage failed: system=0x38, sub=0x0, code=745

```

5. 
